
> @template/web@1.0.0 build /Users/monarchlabsinc./Desktop/LaunchStack/apps/web
> next build

▲ Next.js 16.3.5 (Turbopack)
✓ Running next.config.mjs took 308ms
- Experiments (use with caution):
  · clientTraceMetadata

  Creating an optimized production build ...
✓ Compiled successfully in 1452ms
✓ Completed runAfterProductionCompile in 272ms
  Finished TypeScript in 1257ms    ✓ Finished TypeScript in 1257ms 
  Collecting page data using 11 workers in 590ms    ✓ Collecting page data using 11 workers in 590ms 
✓ Generating static pages using 11 workers (16/16) in 225ms
  Finalizing page optimization in 262ms    ✓ Finalizing page optimization in 262ms 

Route (app)
┌ ○ /
├ ○ /_not-found
├ ƒ /api/email/invite
├ ƒ /api/email/welcome
├ ƒ /api/stripe/checkout
├ ƒ /api/stripe/webhook
├ ○ /dashboard
├ ○ /feedback
├ ○ /login
├ ○ /onboarding
├ ○ /privacy
├ ○ /robots.txt
├ ○ /signup
├ ○ /sitemap.xml
└ ○ /terms


ƒ Proxy (Middleware)

○  (Static)   prerendered as static content
ƒ  (Dynamic)  server-rendered on demand

